........................................................................ [ 43%]
........................................................................ [ 86%]
.......................                                                  [100%]
============================== warnings summary ===============================
<frozen importlib._bootstrap>:241
<frozen importlib._bootstrap>:241
  <frozen importlib._bootstrap>:241: DeprecationWarning: builtin type SwigPyPacked has no __module__ attribute

<frozen importlib._bootstrap>:241
<frozen importlib._bootstrap>:241
  <frozen importlib._bootstrap>:241: DeprecationWarning: builtin type SwigPyObject has no __module__ attribute

<frozen importlib._bootstrap>:241
  <frozen importlib._bootstrap>:241: DeprecationWarning: builtin type swigvarlink has no __module__ attribute

tests/api/test_api_endpoints.py::TestHealthCheck::test_root
  D:\Projects\Python\financial-report-ai-assistant\.venv\Lib\site-packages\transformers\utils\hub.py:110: FutureWarning: Using `TRANSFORMERS_CACHE` is deprecated and will be removed in v5 of Transformers. Use `HF_HOME` instead.
    warnings.warn(

tests/integration_test.py::test_upload
  D:\Projects\Python\financial-report-ai-assistant\.venv\Lib\site-packages\_pytest\python.py:161: PytestReturnNotNoneWarning: Test functions should return None, but tests/integration_test.py::test_upload returned <class 'bool'>.
  Did you mean to use `assert` instead of `return`?
  See https://docs.pytest.org/en/stable/how-to/assert.html#return-not-none for more information.
    warnings.warn(

tests/integration_test.py::test_chat_rag
  D:\Projects\Python\financial-report-ai-assistant\.venv\Lib\site-packages\_pytest\python.py:161: PytestReturnNotNoneWarning: Test functions should return None, but tests/integration_test.py::test_chat_rag returned <class 'bool'>.
  Did you mean to use `assert` instead of `return`?
  See https://docs.pytest.org/en/stable/how-to/assert.html#return-not-none for more information.
    warnings.warn(

tests/integration_test.py::test_chat_calculation
  D:\Projects\Python\financial-report-ai-assistant\.venv\Lib\site-packages\_pytest\python.py:161: PytestReturnNotNoneWarning: Test functions should return None, but tests/integration_test.py::test_chat_calculation returned <class 'bool'>.
  Did you mean to use `assert` instead of `return`?
  See https://docs.pytest.org/en/stable/how-to/assert.html#return-not-none for more information.
    warnings.warn(

-- Docs: https://docs.pytest.org/en/stable/how-to/capture-warnings.html
167 passed, 9 warnings in 82.45s (0:01:22)
poetry : sys:1: DeprecationWarning: builtin type swigvarlink has no __module__ attribute
所在位置 行:1 字符: 54
+ ... ort-ai-assistant; poetry run pytest tests/ --tb=short -q 2>&1 | Out-F ...
+                       ~~~~~~~~~~~~~~~~~~~~~~~~~~~~~~~~~~~~~~~~~~~
    + CategoryInfo          : NotSpecified: (sys:1: Deprecat...ule__ attribute:String) [], RemoteException
    + FullyQualifiedErrorId : NativeCommandError
 
